Traceback (most recent call last):
  File "D:\analisis_cabalistico_alma\backend\test_astrology_endpoint.py", line 250, in <module>
    print("\U0001f680 Iniciando validaci≤n del endpoint de Astrologφa\n")
  File "C:\Python310\lib\encodings\cp1252.py", line 19, in encode
    return codecs.charmap_encode(input,self.errors,encoding_table)[0]
UnicodeEncodeError: 'charmap' codec can't encode character '\U0001f680' in position 0: character maps to <undefined>
